Fri 28 Aug 2026 21:58:25 INFO  ['ptapesasrec_test.py', '--dataset', 'kuairec']
Fri 28 Aug 2026 21:58:25 INFO  
General Hyper Parameters:
gpu_id = 0
use_gpu = True
seed = 42
state = INFO
reproducibility = True
data_path = dataset/kuairec
checkpoint_dir = saved
show_progress = True
save_dataset = False
dataset_save_path = None
save_dataloaders = False
dataloaders_save_path = None
log_wandb = False

Training Hyper Parameters:
epochs = 100
train_batch_size = 256
learner = adam
learning_rate = 0.001
train_neg_sample_args = {'distribution': 'none', 'sample_num': 'none', 'alpha': 'none', 'dynamic': False, 'candidate_num': 0}
eval_step = 1
stopping_step = 10
clip_grad_norm = None
weight_decay = 0.0
loss_decimal_place = 4

Evaluation Hyper Parameters:
eval_args = {'split': {'LS': 'valid_and_test'}, 'order': 'TO', 'group_by': 'user', 'mode': {'valid': 'full', 'test': 'full'}}
repeatable = False
metrics = ['Recall', 'MRR', 'NDCG', 'GAUC']
topk = [1, 5, 10, 20]
valid_metric = Recall@10
valid_metric_bigger = True
eval_batch_size = 128
metric_decimal_place = 5

Dataset Hyper Parameters:
field_separator = 	
seq_separator =  
USER_ID_FIELD = user_id
ITEM_ID_FIELD = item_id
RATING_FIELD = rating
TIME_FIELD = timestamp
seq_len = None
LABEL_FIELD = label
threshold = None
NEG_PREFIX = neg_
load_col = {'inter': ['user_id', 'item_id', 'timestamp']}
unload_col = None
unused_col = None
additional_feat_suffix = None
rm_dup_inter = None
val_interval = None
filter_inter_by_user_or_item = True
user_inter_num_interval = [0,inf)
item_inter_num_interval = [0,inf)
alias_of_user_id = None
alias_of_item_id = None
alias_of_entity_id = None
alias_of_relation_id = None
preload_weight = None
normalize_field = None
normalize_all = None
ITEM_LIST_LENGTH_FIELD = item_length
LIST_SUFFIX = _list
MAX_ITEM_LIST_LENGTH = 50
POSITION_FIELD = position_id
HEAD_ENTITY_ID_FIELD = head_id
TAIL_ENTITY_ID_FIELD = tail_id
RELATION_ID_FIELD = relation_id
ENTITY_ID_FIELD = entity_id
benchmark_filename = None

Other Hyper Parameters: 
worker = 0
wandb_project = recbole
shuffle = True
require_pow = False
enable_amp = False
enable_scaler = False
transform = None
numerical_features = []
discretization = None
kg_reverse_r = False
entity_kg_num_interval = [0,inf)
relation_kg_num_interval = [0,inf)
MODEL_TYPE = ModelType.SEQUENTIAL
initializer_range = 0.02
filter_last_positive = False
aug_type = 2
n_layers = 2
n_heads = 2
hidden_size = 64
inner_size = 256
hidden_dropout_prob = 0.5
attn_dropout_prob = 0.5
hidden_act = gelu
layer_norm_eps = 1e-12
loss_type = CE
time_list_add = True
need_item_time_seq = False
max_time = 3000
time_span = 256
MODEL_INPUT_TYPE = InputType.POINTWISE
eval_type = EvaluatorType.RANKING
single_spec = True
local_rank = 0
device = cuda
valid_neg_sample_args = {'distribution': 'uniform', 'sample_num': 'none'}
test_neg_sample_args = {'distribution': 'uniform', 'sample_num': 'none'}


Fri 28 Aug 2026 21:58:27 INFO  kuairec
The number of users: 7176
Average actions of users: 130.50731707317073
The number of items: 10612
Average actions of items: 88.24710206389595
The number of inters: 936390
The sparsity of the dataset: 98.77036251003786%
Remain Fields: ['user_id', 'item_id', 'timestamp']
Fri 28 Aug 2026 21:58:49 INFO  [Training]: train_batch_size = [256] train_neg_sample_args: [{'distribution': 'none', 'sample_num': 'none', 'alpha': 'none', 'dynamic': False, 'candidate_num': 0}]
Fri 28 Aug 2026 21:58:49 INFO  [Evaluation]: eval_batch_size = [128] eval_args: [{'split': {'LS': 'valid_and_test'}, 'order': 'TO', 'group_by': 'user', 'mode': {'valid': 'full', 'test': 'full'}}]
Fri 28 Aug 2026 21:58:49 INFO  PTAPESASRec(
  (item_embedding): Embedding(10612, 64, padding_idx=0)
  (position_embedding): Embedding(50, 64)
  (trm_encoder): TransformerEncoder(
    (layer): ModuleList(
      (0-1): 2 x TransformerLayer(
        (multi_head_attention): MultiHeadAttention(
          (query): Linear(in_features=64, out_features=64, bias=True)
          (key): Linear(in_features=64, out_features=64, bias=True)
          (value): Linear(in_features=64, out_features=64, bias=True)
          (softmax): Softmax(dim=-1)
          (attn_dropout): Dropout(p=0.5, inplace=False)
          (dense): Linear(in_features=64, out_features=64, bias=True)
          (LayerNorm): LayerNorm((64,), eps=1e-12, elementwise_affine=True)
          (out_dropout): Dropout(p=0.5, inplace=False)
        )
        (feed_forward): FeedForward(
          (dense_1): Linear(in_features=64, out_features=256, bias=True)
          (dense_2): Linear(in_features=256, out_features=64, bias=True)
          (LayerNorm): LayerNorm((64,), eps=1e-12, elementwise_affine=True)
          (dropout): Dropout(p=0.5, inplace=False)
        )
      )
    )
  )
  (time_aware_mamba): TimeAwareMamba(
    (time_embedding): Linear(in_features=1, out_features=64, bias=True)
    (mamba): MambaBlock(
      (in_proj): Linear(in_features=64, out_features=256, bias=False)
      (conv1d): Conv1d(128, 128, kernel_size=(4,), stride=(1,), padding=(3,), groups=128)
      (x_proj): Linear(in_features=128, out_features=33, bias=False)
      (dt_proj): Linear(in_features=1, out_features=128, bias=True)
      (out_proj): Linear(in_features=128, out_features=64, bias=False)
    )
    (cnn): Sequential(
      (0): Conv1d(64, 64, kernel_size=(3,), stride=(1,), padding=(1,))
      (1): GELU(approximate='none')
      (2): Conv1d(64, 64, kernel_size=(5,), stride=(1,), padding=(2,))
    )
    (mlp): Sequential(
      (0): Linear(in_features=64, out_features=64, bias=True)
      (1): ReLU()
      (2): Linear(in_features=64, out_features=64, bias=True)
      (3): ReLU()
      (4): Linear(in_features=64, out_features=64, bias=True)
    )
    (LayerNorm): LayerNorm((64,), eps=1e-12, elementwise_affine=True)
    (se_block): SEBlock(
      (fc1): Linear(in_features=64, out_features=4, bias=True)
      (fc2): Linear(in_features=4, out_features=64, bias=True)
      (relu): ReLU()
      (sigmoid): Sigmoid()
    )
    (dropout): Dropout(p=0.5, inplace=False)
  )
  (user_embedding): Embedding(7176, 64)
  (LayerNorm): LayerNorm((64,), eps=1e-12, elementwise_affine=True)
  (dropout): Dropout(p=0.5, inplace=False)
  (output_projection): Linear(in_features=64, out_features=64, bias=True)
  (loss_fct): CrossEntropyLoss()
)
Trainable parameters: 1323972
Fri 28 Aug 2026 21:58:50 INFO  FLOPs: 8924712.0
Fri 28 Aug 2026 22:21:31 INFO  epoch 0 training [time: 1359.68s, train loss: 25523.4467]
Fri 28 Aug 2026 22:21:32 INFO  epoch 0 evaluating [time: 1.42s, valid_score: 0.200890]
Fri 28 Aug 2026 22:21:32 INFO  valid result: 
recall@1 : 0.04646    recall@5 : 0.14676    recall@10 : 0.20089    recall@20 : 0.27623    mrr@1 : 0.04646    mrr@5 : 0.08354    mrr@10 : 0.09061    mrr@20 : 0.09589    ndcg@1 : 0.04646    ndcg@5 : 0.09931    ndcg@10 : 0.11666    ndcg@20 : 0.13577    gauc : 0.94314
Fri 28 Aug 2026 22:21:32 INFO  Saving current: saved\PTAPESASRec-Aug-28-2026_21-58-50.pth
Fri 28 Aug 2026 22:44:20 INFO  epoch 1 training [time: 1368.18s, train loss: 23151.4996]
Fri 28 Aug 2026 22:44:22 INFO  epoch 1 evaluating [time: 1.38s, valid_score: 0.232000]
Fri 28 Aug 2026 22:44:22 INFO  valid result: 
recall@1 : 0.06585    recall@5 : 0.17662    recall@10 : 0.232    recall@20 : 0.31013    mrr@1 : 0.06585    mrr@5 : 0.104    mrr@10 : 0.11127    mrr@20 : 0.11661    ndcg@1 : 0.06585    ndcg@5 : 0.12193    ndcg@10 : 0.13973    ndcg@20 : 0.15938    gauc : 0.949
Fri 28 Aug 2026 22:44:22 INFO  Saving current: saved\PTAPESASRec-Aug-28-2026_21-58-50.pth
Fri 28 Aug 2026 23:07:17 INFO  epoch 2 training [time: 1375.21s, train loss: 22465.9797]
Fri 28 Aug 2026 23:07:18 INFO  epoch 2 evaluating [time: 0.99s, valid_score: 0.250560]
Fri 28 Aug 2026 23:07:18 INFO  valid result: 
recall@1 : 0.07254    recall@5 : 0.18708    recall@10 : 0.25056    recall@20 : 0.32645    mrr@1 : 0.07254    mrr@5 : 0.11313    mrr@10 : 0.12142    mrr@20 : 0.12665    ndcg@1 : 0.07254    ndcg@5 : 0.13144    ndcg@10 : 0.15179    ndcg@20 : 0.17092    gauc : 0.95171
Fri 28 Aug 2026 23:07:18 INFO  Saving current: saved\PTAPESASRec-Aug-28-2026_21-58-50.pth
Fri 28 Aug 2026 23:29:52 INFO  epoch 3 training [time: 1353.71s, train loss: 22169.2844]
Fri 28 Aug 2026 23:29:53 INFO  epoch 3 evaluating [time: 1.07s, valid_score: 0.245540]
Fri 28 Aug 2026 23:29:53 INFO  valid result: 
recall@1 : 0.05887    recall@5 : 0.17648    recall@10 : 0.24554    recall@20 : 0.32171    mrr@1 : 0.05887    mrr@5 : 0.1014    mrr@10 : 0.11056    mrr@20 : 0.11585    ndcg@1 : 0.05887    ndcg@5 : 0.12002    ndcg@10 : 0.1423    ndcg@20 : 0.16156    gauc : 0.95192
Fri 28 Aug 2026 23:52:55 INFO  epoch 4 training [time: 1382.50s, train loss: 21992.1985]
Fri 28 Aug 2026 23:52:57 INFO  epoch 4 evaluating [time: 1.38s, valid_score: 0.259490]
Fri 28 Aug 2026 23:52:57 INFO  valid result: 
recall@1 : 0.07743    recall@5 : 0.19657    recall@10 : 0.25949    recall@20 : 0.34222    mrr@1 : 0.07743    mrr@5 : 0.1187    mrr@10 : 0.12702    mrr@20 : 0.13274    ndcg@1 : 0.07743    ndcg@5 : 0.13794    ndcg@10 : 0.15821    ndcg@20 : 0.17911    gauc : 0.95456
Fri 28 Aug 2026 23:52:57 INFO  Saving current: saved\PTAPESASRec-Aug-28-2026_21-58-50.pth
Sat 29 Aug 2026 00:15:40 INFO  epoch 5 training [time: 1363.49s, train loss: 21856.1171]
Sat 29 Aug 2026 00:15:41 INFO  epoch 5 evaluating [time: 1.24s, valid_score: 0.260600]
Sat 29 Aug 2026 00:15:41 INFO  valid result: 
recall@1 : 0.0731    recall@5 : 0.19699    recall@10 : 0.2606    recall@20 : 0.33705    mrr@1 : 0.0731    mrr@5 : 0.11862    mrr@10 : 0.12704    mrr@20 : 0.1323    ndcg@1 : 0.0731    ndcg@5 : 0.13812    ndcg@10 : 0.15863    ndcg@20 : 0.17789    gauc : 0.95504
Sat 29 Aug 2026 00:15:41 INFO  Saving current: saved\PTAPESASRec-Aug-28-2026_21-58-50.pth
Sat 29 Aug 2026 00:38:26 INFO  epoch 6 training [time: 1365.06s, train loss: 21751.4146]
Sat 29 Aug 2026 00:38:28 INFO  epoch 6 evaluating [time: 1.26s, valid_score: 0.260040]
Sat 29 Aug 2026 00:38:28 INFO  valid result: 
recall@1 : 0.07659    recall@5 : 0.1942    recall@10 : 0.26004    recall@20 : 0.33943    mrr@1 : 0.07659    mrr@5 : 0.11764    mrr@10 : 0.12644    mrr@20 : 0.13187    ndcg@1 : 0.07659    ndcg@5 : 0.13656    ndcg@10 : 0.15787    ndcg@20 : 0.17785    gauc : 0.9547
Sat 29 Aug 2026 01:01:17 INFO  epoch 7 training [time: 1369.26s, train loss: 21677.4488]
Sat 29 Aug 2026 01:01:18 INFO  epoch 7 evaluating [time: 1.29s, valid_score: 0.262560]
Sat 29 Aug 2026 01:01:18 INFO  valid result: 
recall@1 : 0.07408    recall@5 : 0.19699    recall@10 : 0.26256    recall@20 : 0.34515    mrr@1 : 0.07408    mrr@5 : 0.11849    mrr@10 : 0.12715    mrr@20 : 0.13285    ndcg@1 : 0.07408    ndcg@5 : 0.13798    ndcg@10 : 0.15909    ndcg@20 : 0.17993    gauc : 0.95535
Sat 29 Aug 2026 01:01:18 INFO  Saving current: saved\PTAPESASRec-Aug-28-2026_21-58-50.pth
Sat 29 Aug 2026 01:23:52 INFO  epoch 8 training [time: 1353.96s, train loss: 21607.6245]
Sat 29 Aug 2026 01:23:54 INFO  epoch 8 evaluating [time: 1.29s, valid_score: 0.254460]
Sat 29 Aug 2026 01:23:54 INFO  valid result: 
recall@1 : 0.06613    recall@5 : 0.18555    recall@10 : 0.25446    recall@20 : 0.34291    mrr@1 : 0.06613    mrr@5 : 0.108    mrr@10 : 0.1172    mrr@20 : 0.1234    ndcg@1 : 0.06613    ndcg@5 : 0.12719    ndcg@10 : 0.14948    ndcg@20 : 0.17192    gauc : 0.95452
Sat 29 Aug 2026 01:46:21 INFO  epoch 9 training [time: 1347.20s, train loss: 21561.3413]
Sat 29 Aug 2026 01:46:22 INFO  epoch 9 evaluating [time: 1.26s, valid_score: 0.262830]
Sat 29 Aug 2026 01:46:22 INFO  valid result: 
recall@1 : 0.07394    recall@5 : 0.19266    recall@10 : 0.26283    recall@20 : 0.34598    mrr@1 : 0.07394    mrr@5 : 0.11559    mrr@10 : 0.12492    mrr@20 : 0.13068    ndcg@1 : 0.07394    ndcg@5 : 0.13468    ndcg@10 : 0.15733    ndcg@20 : 0.17834    gauc : 0.95608
Sat 29 Aug 2026 01:46:22 INFO  Saving current: saved\PTAPESASRec-Aug-28-2026_21-58-50.pth
Sat 29 Aug 2026 02:08:50 INFO  epoch 10 training [time: 1347.57s, train loss: 21513.5151]
Sat 29 Aug 2026 02:08:51 INFO  epoch 10 evaluating [time: 1.19s, valid_score: 0.263950]
Sat 29 Aug 2026 02:08:51 INFO  valid result: 
recall@1 : 0.07478    recall@5 : 0.19517    recall@10 : 0.26395    recall@20 : 0.34821    mrr@1 : 0.07478    mrr@5 : 0.11831    mrr@10 : 0.12737    mrr@20 : 0.13309    ndcg@1 : 0.07478    ndcg@5 : 0.13739    ndcg@10 : 0.15951    ndcg@20 : 0.18065    gauc : 0.95497
Sat 29 Aug 2026 02:08:51 INFO  Saving current: saved\PTAPESASRec-Aug-28-2026_21-58-50.pth
Sat 29 Aug 2026 02:31:18 INFO  epoch 11 training [time: 1347.39s, train loss: 21479.6402]
Sat 29 Aug 2026 02:31:20 INFO  epoch 11 evaluating [time: 1.25s, valid_score: 0.270370]
Sat 29 Aug 2026 02:31:20 INFO  valid result: 
recall@1 : 0.07492    recall@5 : 0.1995    recall@10 : 0.27037    recall@20 : 0.35379    mrr@1 : 0.07492    mrr@5 : 0.11834    mrr@10 : 0.12782    mrr@20 : 0.13358    ndcg@1 : 0.07492    ndcg@5 : 0.1384    ndcg@10 : 0.16135    ndcg@20 : 0.1824    gauc : 0.95518
Sat 29 Aug 2026 02:31:20 INFO  Saving current: saved\PTAPESASRec-Aug-28-2026_21-58-50.pth
Sat 29 Aug 2026 02:53:47 INFO  epoch 12 training [time: 1347.70s, train loss: 21446.6511]
Sat 29 Aug 2026 02:53:48 INFO  epoch 12 evaluating [time: 1.26s, valid_score: 0.249860]
Sat 29 Aug 2026 02:53:48 INFO  valid result: 
recall@1 : 0.06571    recall@5 : 0.18694    recall@10 : 0.24986    recall@20 : 0.3397    mrr@1 : 0.06571    mrr@5 : 0.10922    mrr@10 : 0.11749    mrr@20 : 0.12369    ndcg@1 : 0.06571    ndcg@5 : 0.12851    ndcg@10 : 0.14873    ndcg@20 : 0.1714    gauc : 0.95512
Sat 29 Aug 2026 03:16:16 INFO  epoch 13 training [time: 1347.87s, train loss: 21419.4917]
Sat 29 Aug 2026 03:16:18 INFO  epoch 13 evaluating [time: 1.21s, valid_score: 0.275390]
Sat 29 Aug 2026 03:16:18 INFO  valid result: 
recall@1 : 0.07868    recall@5 : 0.2055    recall@10 : 0.27539    recall@20 : 0.35826    mrr@1 : 0.07868    mrr@5 : 0.12413    mrr@10 : 0.13346    mrr@20 : 0.13921    ndcg@1 : 0.07868    ndcg@5 : 0.1443    ndcg@10 : 0.16691    ndcg@20 : 0.18787    gauc : 0.95667
Sat 29 Aug 2026 03:16:18 INFO  Saving current: saved\PTAPESASRec-Aug-28-2026_21-58-50.pth
Sat 29 Aug 2026 03:38:45 INFO  epoch 14 training [time: 1347.40s, train loss: 21388.7768]
Sat 29 Aug 2026 03:38:46 INFO  epoch 14 evaluating [time: 1.26s, valid_score: 0.262700]
Sat 29 Aug 2026 03:38:46 INFO  valid result: 
recall@1 : 0.07338    recall@5 : 0.1935    recall@10 : 0.2627    recall@20 : 0.34305    mrr@1 : 0.07338    mrr@5 : 0.11563    mrr@10 : 0.12495    mrr@20 : 0.13046    ndcg@1 : 0.07338    ndcg@5 : 0.13489    ndcg@10 : 0.15735    ndcg@20 : 0.17759    gauc : 0.95526
Sat 29 Aug 2026 04:01:14 INFO  epoch 15 training [time: 1347.59s, train loss: 21363.2345]
Sat 29 Aug 2026 04:01:15 INFO  epoch 15 evaluating [time: 1.24s, valid_score: 0.270790]
Sat 29 Aug 2026 04:01:15 INFO  valid result: 
recall@1 : 0.08008    recall@5 : 0.19894    recall@10 : 0.27079    recall@20 : 0.35086    mrr@1 : 0.08008    mrr@5 : 0.12267    mrr@10 : 0.13209    mrr@20 : 0.13762    ndcg@1 : 0.08008    ndcg@5 : 0.14159    ndcg@10 : 0.16465    ndcg@20 : 0.18487    gauc : 0.9565
Sat 29 Aug 2026 04:23:43 INFO  epoch 16 training [time: 1347.99s, train loss: 21341.1704]
Sat 29 Aug 2026 04:23:44 INFO  epoch 16 evaluating [time: 1.18s, valid_score: 0.274830]
Sat 29 Aug 2026 04:23:44 INFO  valid result: 
recall@1 : 0.07771    recall@5 : 0.20145    recall@10 : 0.27483    recall@20 : 0.35756    mrr@1 : 0.07771    mrr@5 : 0.12191    mrr@10 : 0.13159    mrr@20 : 0.13728    ndcg@1 : 0.07771    ndcg@5 : 0.14166    ndcg@10 : 0.16527    ndcg@20 : 0.18613    gauc : 0.95656
Sat 29 Aug 2026 04:46:11 INFO  epoch 17 training [time: 1347.09s, train loss: 21318.7550]
Sat 29 Aug 2026 04:46:13 INFO  epoch 17 evaluating [time: 1.19s, valid_score: 0.268550]
Sat 29 Aug 2026 04:46:13 INFO  valid result: 
recall@1 : 0.07715    recall@5 : 0.19894    recall@10 : 0.26855    recall@20 : 0.35393    mrr@1 : 0.07715    mrr@5 : 0.11981    mrr@10 : 0.12907    mrr@20 : 0.13493    ndcg@1 : 0.07715    ndcg@5 : 0.13937    ndcg@10 : 0.16185    ndcg@20 : 0.18335    gauc : 0.95564
Sat 29 Aug 2026 05:08:40 INFO  epoch 18 training [time: 1347.63s, train loss: 21301.4297]
Sat 29 Aug 2026 05:08:41 INFO  epoch 18 evaluating [time: 1.27s, valid_score: 0.270930]
Sat 29 Aug 2026 05:08:41 INFO  valid result: 
recall@1 : 0.07464    recall@5 : 0.19936    recall@10 : 0.27093    recall@20 : 0.35826    mrr@1 : 0.07464    mrr@5 : 0.11937    mrr@10 : 0.1288    mrr@20 : 0.13483    ndcg@1 : 0.07464    ndcg@5 : 0.13922    ndcg@10 : 0.16224    ndcg@20 : 0.18428    gauc : 0.95599
Sat 29 Aug 2026 05:31:09 INFO  epoch 19 training [time: 1347.74s, train loss: 21283.8357]
Sat 29 Aug 2026 05:31:11 INFO  epoch 19 evaluating [time: 1.27s, valid_score: 0.265760]
Sat 29 Aug 2026 05:31:11 INFO  valid result: 
recall@1 : 0.07199    recall@5 : 0.1935    recall@10 : 0.26576    recall@20 : 0.351    mrr@1 : 0.07199    mrr@5 : 0.11542    mrr@10 : 0.12507    mrr@20 : 0.13101    ndcg@1 : 0.07199    ndcg@5 : 0.13477    ndcg@10 : 0.15814    ndcg@20 : 0.17973    gauc : 0.95516
Sat 29 Aug 2026 05:53:38 INFO  epoch 20 training [time: 1347.49s, train loss: 21266.1573]
Sat 29 Aug 2026 05:53:39 INFO  epoch 20 evaluating [time: 1.26s, valid_score: 0.270230]
Sat 29 Aug 2026 05:53:39 INFO  valid result: 
recall@1 : 0.0738    recall@5 : 0.20145    recall@10 : 0.27023    recall@20 : 0.36384    mrr@1 : 0.0738    mrr@5 : 0.1194    mrr@10 : 0.12847    mrr@20 : 0.13495    ndcg@1 : 0.0738    ndcg@5 : 0.13976    ndcg@10 : 0.16188    ndcg@20 : 0.18553    gauc : 0.95652
Sat 29 Aug 2026 06:16:02 INFO  epoch 21 training [time: 1342.75s, train loss: 21251.2546]
Sat 29 Aug 2026 06:16:03 INFO  epoch 21 evaluating [time: 1.24s, valid_score: 0.276090]
Sat 29 Aug 2026 06:16:03 INFO  valid result: 
recall@1 : 0.07171    recall@5 : 0.20173    recall@10 : 0.27609    recall@20 : 0.36161    mrr@1 : 0.07171    mrr@5 : 0.11903    mrr@10 : 0.12892    mrr@20 : 0.13484    ndcg@1 : 0.07171    ndcg@5 : 0.13958    ndcg@10 : 0.1636    ndcg@20 : 0.18519    gauc : 0.95596
Sat 29 Aug 2026 06:16:03 INFO  Saving current: saved\PTAPESASRec-Aug-28-2026_21-58-50.pth
Sat 29 Aug 2026 06:38:25 INFO  epoch 22 training [time: 1341.98s, train loss: 21234.7405]
Sat 29 Aug 2026 06:38:27 INFO  epoch 22 evaluating [time: 1.29s, valid_score: 0.265070]
Sat 29 Aug 2026 06:38:27 INFO  valid result: 
recall@1 : 0.07003    recall@5 : 0.19629    recall@10 : 0.26507    recall@20 : 0.35645    mrr@1 : 0.07003    mrr@5 : 0.11523    mrr@10 : 0.1244    mrr@20 : 0.13073    ndcg@1 : 0.07003    ndcg@5 : 0.13534    ndcg@10 : 0.15757    ndcg@20 : 0.18067    gauc : 0.95571
Sat 29 Aug 2026 07:00:48 INFO  epoch 23 training [time: 1341.83s, train loss: 21220.6785]
Sat 29 Aug 2026 07:00:50 INFO  epoch 23 evaluating [time: 1.30s, valid_score: 0.272740]
Sat 29 Aug 2026 07:00:50 INFO  valid result: 
recall@1 : 0.06989    recall@5 : 0.20006    recall@10 : 0.27274    recall@20 : 0.35449    mrr@1 : 0.06989    mrr@5 : 0.11566    mrr@10 : 0.12532    mrr@20 : 0.13094    ndcg@1 : 0.06989    ndcg@5 : 0.13653    ndcg@10 : 0.16    ndcg@20 : 0.18061    gauc : 0.95564
Sat 29 Aug 2026 07:23:12 INFO  epoch 24 training [time: 1341.98s, train loss: 21210.7582]
Sat 29 Aug 2026 07:23:13 INFO  epoch 24 evaluating [time: 1.24s, valid_score: 0.273720]
Sat 29 Aug 2026 07:23:13 INFO  valid result: 
recall@1 : 0.07561    recall@5 : 0.20117    recall@10 : 0.27372    recall@20 : 0.35854    mrr@1 : 0.07561    mrr@5 : 0.12082    mrr@10 : 0.13042    mrr@20 : 0.13627    ndcg@1 : 0.07561    ndcg@5 : 0.14077    ndcg@10 : 0.16415    ndcg@20 : 0.18554    gauc : 0.95568
Sat 29 Aug 2026 07:45:34 INFO  epoch 25 training [time: 1341.42s, train loss: 21198.2673]
Sat 29 Aug 2026 07:45:36 INFO  epoch 25 evaluating [time: 1.24s, valid_score: 0.274000]
Sat 29 Aug 2026 07:45:36 INFO  valid result: 
recall@1 : 0.07533    recall@5 : 0.19852    recall@10 : 0.274    recall@20 : 0.35979    mrr@1 : 0.07533    mrr@5 : 0.11932    mrr@10 : 0.12943    mrr@20 : 0.13535    ndcg@1 : 0.07533    ndcg@5 : 0.13895    ndcg@10 : 0.16339    ndcg@20 : 0.18504    gauc : 0.95569
Sat 29 Aug 2026 08:07:57 INFO  epoch 26 training [time: 1341.86s, train loss: 21189.5458]
Sat 29 Aug 2026 08:07:59 INFO  epoch 26 evaluating [time: 1.29s, valid_score: 0.266040]
Sat 29 Aug 2026 08:07:59 INFO  valid result: 
recall@1 : 0.07003    recall@5 : 0.19531    recall@10 : 0.26604    recall@20 : 0.35519    mrr@1 : 0.07003    mrr@5 : 0.11379    mrr@10 : 0.12327    mrr@20 : 0.12949    ndcg@1 : 0.07003    ndcg@5 : 0.13394    ndcg@10 : 0.15685    ndcg@20 : 0.17943    gauc : 0.95474
Sat 29 Aug 2026 08:30:20 INFO  epoch 27 training [time: 1341.71s, train loss: 21175.3965]
Sat 29 Aug 2026 08:30:22 INFO  epoch 27 evaluating [time: 1.22s, valid_score: 0.263390]
Sat 29 Aug 2026 08:30:22 INFO  valid result: 
recall@1 : 0.07241    recall@5 : 0.19043    recall@10 : 0.26339    recall@20 : 0.34835    mrr@1 : 0.07241    mrr@5 : 0.11492    mrr@10 : 0.12451    mrr@20 : 0.13033    ndcg@1 : 0.07241    ndcg@5 : 0.13367    ndcg@10 : 0.15711    ndcg@20 : 0.17851    gauc : 0.95516
Sat 29 Aug 2026 08:52:43 INFO  epoch 28 training [time: 1341.63s, train loss: 21162.9449]
Sat 29 Aug 2026 08:52:45 INFO  epoch 28 evaluating [time: 1.25s, valid_score: 0.269950]
Sat 29 Aug 2026 08:52:45 INFO  valid result: 
recall@1 : 0.0805    recall@5 : 0.19922    recall@10 : 0.26995    recall@20 : 0.35575    mrr@1 : 0.0805    mrr@5 : 0.12254    mrr@10 : 0.13201    mrr@20 : 0.13793    ndcg@1 : 0.0805    ndcg@5 : 0.14153    ndcg@10 : 0.16443    ndcg@20 : 0.18608    gauc : 0.95584
Sat 29 Aug 2026 09:15:07 INFO  epoch 29 training [time: 1342.11s, train loss: 21156.0875]
Sat 29 Aug 2026 09:15:08 INFO  epoch 29 evaluating [time: 1.23s, valid_score: 0.270510]
Sat 29 Aug 2026 09:15:08 INFO  valid result: 
recall@1 : 0.07492    recall@5 : 0.20438    recall@10 : 0.27051    recall@20 : 0.35924    mrr@1 : 0.07492    mrr@5 : 0.12015    mrr@10 : 0.12896    mrr@20 : 0.13506    ndcg@1 : 0.07492    ndcg@5 : 0.14097    ndcg@10 : 0.16233    ndcg@20 : 0.18469    gauc : 0.95636
Sat 29 Aug 2026 09:37:30 INFO  epoch 30 training [time: 1341.84s, train loss: 21149.7034]
Sat 29 Aug 2026 09:37:31 INFO  epoch 30 evaluating [time: 1.24s, valid_score: 0.274410]
Sat 29 Aug 2026 09:37:31 INFO  valid result: 
recall@1 : 0.07812    recall@5 : 0.20117    recall@10 : 0.27441    recall@20 : 0.36133    mrr@1 : 0.07812    mrr@5 : 0.12183    mrr@10 : 0.1315    mrr@20 : 0.13745    ndcg@1 : 0.07812    ndcg@5 : 0.1415    ndcg@10 : 0.16507    ndcg@20 : 0.18695    gauc : 0.9554
Sat 29 Aug 2026 09:59:53 INFO  epoch 31 training [time: 1342.24s, train loss: 21136.0623]
Sat 29 Aug 2026 09:59:55 INFO  epoch 31 evaluating [time: 1.28s, valid_score: 0.272320]
Sat 29 Aug 2026 09:59:55 INFO  valid result: 
recall@1 : 0.08203    recall@5 : 0.20285    recall@10 : 0.27232    recall@20 : 0.35547    mrr@1 : 0.08203    mrr@5 : 0.12545    mrr@10 : 0.13479    mrr@20 : 0.14049    ndcg@1 : 0.08203    ndcg@5 : 0.14465    ndcg@10 : 0.16718    ndcg@20 : 0.18812    gauc : 0.95577
Sat 29 Aug 2026 10:22:17 INFO  epoch 32 training [time: 1342.35s, train loss: 21130.0227]
Sat 29 Aug 2026 10:22:18 INFO  epoch 32 evaluating [time: 1.25s, valid_score: 0.269390]
Sat 29 Aug 2026 10:22:18 INFO  valid result: 
recall@1 : 0.07101    recall@5 : 0.19852    recall@10 : 0.26939    recall@20 : 0.34975    mrr@1 : 0.07101    mrr@5 : 0.11506    mrr@10 : 0.1247    mrr@20 : 0.13026    ndcg@1 : 0.07101    ndcg@5 : 0.13566    ndcg@10 : 0.15876    ndcg@20 : 0.17906    gauc : 0.95495
Sat 29 Aug 2026 10:22:18 INFO  Finished training, best eval result in epoch 21
Sat 29 Aug 2026 10:22:18 INFO  Loading model structure and parameters from saved\PTAPESASRec-Aug-28-2026_21-58-50.pth
Sat 29 Aug 2026 10:22:21 INFO  The running environment of this training is as follows:
+-------------+----------------+
| Environment |     Usage      |
+=============+================+
| CPU         |    15.10 %     |
+-------------+----------------+
| GPU         | 1.13 G/8.00 G  |
+-------------+----------------+
| Memory      | 0.70 G/15.73 G |
+-------------+----------------+
Sat 29 Aug 2026 10:22:21 INFO  best valid : OrderedDict([('recall@1', 0.07171), ('recall@5', 0.20173), ('recall@10', 0.27609), ('recall@20', 0.36161), ('mrr@1', 0.07171), ('mrr@5', 0.11903), ('mrr@10', 0.12892), ('mrr@20', 0.13484), ('ndcg@1', 0.07171), ('ndcg@5', 0.13958), ('ndcg@10', 0.1636), ('ndcg@20', 0.18519), ('gauc', 0.95596)])
Sat 29 Aug 2026 10:22:21 INFO  test result: OrderedDict([('recall@1', 0.06345), ('recall@5', 0.18463), ('recall@10', 0.25784), ('recall@20', 0.33245), ('mrr@1', 0.06345), ('mrr@5', 0.1063), ('mrr@10', 0.11605), ('mrr@20', 0.12124), ('ndcg@1', 0.06345), ('ndcg@5', 0.12569), ('ndcg@10', 0.14934), ('ndcg@20', 0.16822), ('gauc', 0.94439)])
